node : node:internal/mo
dules/cjs/loader:1252
At line:1 char:1
+ node 
test-cloudinary.js > 
test-output.txt 2>&1
+ ~~~~~~~~~~~~~~~~~~~~~
~~~~~~~~~~~~~~~~~~~~~~~
~~
    + CategoryInfo     
         : NotSpecifi  
  ed: (node:internal   
 /modules/cjs/loade    
r:1252:String) [],     
RemoteException
    + FullyQualifiedEr 
   rorId : NativeComm  
  andError
 
  throw err;
  ^

Error: Cannot find 
module 'axios'
Require stack:
- D:\ACMDigitalProjectR
epository\backend\test-
cloudinary.js
    at Function._resolv
eFilename (node:interna
l/modules/cjs/loader:12
49:15)
    at Function._load (
node:internal/modules/c
js/loader:1075:27)
    at TracingChannel.t
raceSync (node:diagnost
ics_channel:322:14)
    at wrapModuleLoad (
node:internal/modules/c
js/loader:219:24)
    at Module.require (
node:internal/modules/c
js/loader:1340:12)
    at require (node:in
ternal/modules/helpers:
138:16)
    at 
Object.<anonymous> (D:\
ACMDigitalProjectReposi
tory\backend\test-cloud
inary.js:4:15)
    at Module._compile 
(node:internal/modules/
cjs/loader:1565:14)
    at Object..js (node
:internal/modules/cjs/l
oader:1708:10)
    at Module.load (nod
e:internal/modules/cjs/
loader:1318:32) {
  code: 
'MODULE_NOT_FOUND',
  requireStack: [ 'D:\\
ACMDigitalProjectReposi
tory\\backend\\test-clo
udinary.js' ]
}

Node.js v22.12.0
